// Jest Snapshot v1, https://goo.gl/fbAQLP

exports[`<UpstreamError /> matches snapshot 1`] = `
"
<div class=\\"alert alert-danger text-center m-1\\"
     role=\\"alert\\"
>
  <h4 class=\\"alert-heading mb-0 text-wrap text-break\\">
    Alertmanager
    <span class=\\"font-weight-bold\\">
      foo
    </span>
    raised an error: bar
  </h4>
</div>
"
`;
