// Jest Snapshot v1, https://goo.gl/fbAQLP

exports[`<AlertGroupContent /> lazy rendering matches snapshot when invisible 1`] = `
"
<div class=\\"components-grid-alertgrid-alertgroup p-1 components-animation-fade-appear components-animation-fade-appear-active\\">
  <div class=\\"card bg-light\\">
    <h5 class=\\"card-header mb-0 d-flex flex-row px-2 py-1 \\">
      <span class=\\"flex-shrink-0 flex-grow-0\\">
        <span class=\\"text-muted cursor-pointer badge pl-0 components-label mr-0 components-grid-alertgroup-099c5ca6d1c92f615b13056b935d0c8dee70f18c\\"
              data-toggle=\\"dropdown\\"
        >
          <svg aria-hidden=\\"true\\"
               focusable=\\"false\\"
               data-prefix=\\"fas\\"
               data-icon=\\"ellipsis-v\\"
               class=\\"svg-inline--fa fa-ellipsis-v fa-w-6 \\"
               role=\\"img\\"
               xmlns=\\"http://www.w3.org/2000/svg\\"
               viewbox=\\"0 0 192 512\\"
          >
            <path fill=\\"currentColor\\"
                  d=\\"M96 184c39.8 0 72 32.2 72 72s-32.2 72-72 72-72-32.2-72-72 32.2-72 72-72zM24 80c0 39.8 32.2 72 72 72s72-32.2 72-72S135.8 8 96 8 24 40.2 24 80zm0 352c0 39.8 32.2 72 72 72s72-32.2 72-72-32.2-72-72-72-72 32.2-72 72z\\"
            >
            </path>
          </svg>
        </span>
      </span>
      <span class=\\"flex-shrink-1 flex-grow-1\\"
            style=\\"min-width: 0;\\"
      >
        <div class
             style=\\"display: inline-block; max-width: 100%;\\"
             data-tooltipped
             aria-describedby=\\"tippy-tooltip-345\\"
             data-original-title=\\"Click to only show alerts with this label or Alt+Click to hide them\\"
        >
          <span class=\\"components-label badge badge-dark components-label-dark components-label-with-hover\\">
            <span class=\\"components-label-name\\">
              alertname:
            </span>
            <span class=\\"components-label-value\\">
              Fake Alert
            </span>
          </span>
        </div>
        <div class
             style=\\"display: inline-block; max-width: 100%;\\"
             data-tooltipped
             aria-describedby=\\"tippy-tooltip-346\\"
             data-original-title=\\"Click to only show alerts with this label or Alt+Click to hide them\\"
        >
          <span class=\\"components-label badge badge-warning components-label-dark components-label-with-hover\\">
            <span class=\\"components-label-name\\">
              groupName:
            </span>
            <span class=\\"components-label-value\\">
              fakeGroup
            </span>
          </span>
        </div>
      </span>
      <span class=\\"flex-shrink-0 flex-grow-0 ml-auto pl-1\\">
        <div class
             style=\\"display: inline-block; max-width: 100%;\\"
             data-tooltipped
             aria-describedby=\\"tippy-tooltip-347\\"
             data-original-title=\\"Click to only show active alerts or Alt+Click to hide them\\"
        >
          <span class=\\"components-label badge badge-danger badge-pill components-label-with-hover\\">
            1
          </span>
        </div>
        <span class=\\"text-muted cursor-pointer badge px-0 components-label mr-0\\">
          <div class
               style=\\"display: inline-block; max-width: 100%;\\"
               data-tooltipped
               aria-describedby=\\"tippy-tooltip-348\\"
               data-original-title=\\"Toggle group details\\"
          >
            <svg aria-hidden=\\"true\\"
                 focusable=\\"false\\"
                 data-prefix=\\"fas\\"
                 data-icon=\\"chevron-down\\"
                 class=\\"svg-inline--fa fa-chevron-down fa-w-14 \\"
                 role=\\"img\\"
                 xmlns=\\"http://www.w3.org/2000/svg\\"
                 viewbox=\\"0 0 448 512\\"
            >
              <path fill=\\"currentColor\\"
                    d=\\"M207.029 381.476L12.686 187.132c-9.373-9.373-9.373-24.569 0-33.941l22.667-22.667c9.357-9.357 24.522-9.375 33.901-.04L224 284.505l154.745-154.021c9.379-9.335 24.544-9.317 33.901.04l22.667 22.667c9.373 9.373 9.373 24.569 0 33.941L240.971 381.476c-9.373 9.372-24.569 9.372-33.942 0z\\"
              >
              </path>
            </svg>
          </div>
        </span>
      </span>
    </h5>
    <div class=\\"card-body bg-white px-2 py-1\\">
      <ul class=\\"list-group\\">
        <li class=\\"components-grid-alertgrid-alertgroup-alert list-group-item pl-1 pr-0 py-0 my-1 rounded-0 border-left-1 border-right-0 border-top-0 border-bottom-0 border-light\\">
          <div class=\\"components-label badge badge-light text-light\\"
               style=\\"width: 100%; height: 1.3rem;\\"
          >
          </div>
          <div class=\\"components-label badge badge-secondary text-secondary\\"
               style=\\"width: 70px; height: 1.3rem;\\"
          >
          </div>
          <div class=\\"components-label badge badge-light text-light\\"
               style=\\"width: 150px; height: 1.3rem;\\"
          >
          </div>
          <div class=\\"components-label badge badge-light text-light\\"
               style=\\"width: 80px; height: 1.3rem;\\"
          >
          </div>
          <div class=\\"components-label badge badge-light text-light\\"
               style=\\"width: 70px; height: 1.3rem;\\"
          >
          </div>
        </li>
        <li class=\\"components-grid-alertgrid-alertgroup-alert list-group-item pl-1 pr-0 py-0 my-1 rounded-0 border-left-1 border-right-0 border-top-0 border-bottom-0 border-light\\">
          <div class=\\"components-label badge badge-light text-light\\"
               style=\\"width: 100%; height: 1.3rem;\\"
          >
          </div>
          <div class=\\"components-label badge badge-secondary text-secondary\\"
               style=\\"width: 70px; height: 1.3rem;\\"
          >
          </div>
          <div class=\\"components-label badge badge-light text-light\\"
               style=\\"width: 80px; height: 1.3rem;\\"
          >
          </div>
          <div class=\\"components-label badge badge-light text-light\\"
               style=\\"width: 90px; height: 1.3rem;\\"
          >
          </div>
          <div class=\\"components-label badge badge-light text-light\\"
               style=\\"width: 120px; height: 1.3rem;\\"
          >
          </div>
        </li>
      </ul>
    </div>
  </div>
</div>
"
`;
