// Jest Snapshot v1, https://goo.gl/fbAQLP

exports[`<RenderSilence /> renders ManagedSilence if silence is present in AlertStore 1`] = `
<DocumentFragment>
  <div
    class="card my-1 components-managed-silence w-100"
  >
    <div
      class="card-header rounded-0 border-bottom-0 px-2"
    >
      <div
        class="d-flex flex-row"
      >
        <div
          class="flex-shrink-0 flex-grow-0"
        >
          <svg
            aria-hidden="true"
            class="svg-inline--fa fa-bell-slash text-muted"
            data-icon="bell-slash"
            data-prefix="fas"
            role="img"
            viewBox="0 0 576 512"
          >
            <path
              d="M41-24.9c-9.4-9.4-24.6-9.4-33.9 0S-2.3-.3 7 9.1l528 528c9.4 9.4 24.6 9.4 33.9 0s9.4-24.6 0-33.9l-87.5-87.5c17.2-2.4 30.5-17.3 30.5-35.2 0-8.1-2.7-15.9-7.8-22.2l-9.8-12.2C464.4 308.5 448 261.8 448 213.7l0-21.7c0-77.4-55-142-128-156.8l0-3.2c0-17.7-14.3-32-32-32s-32 14.3-32 32l0 3.2c-38.6 7.8-72.2 29.6-95.2 59.7L41-24.9zm87 238.5c0 48.1-16.4 94.8-46.4 132.4l-9.8 12.2c-5 6.3-7.8 14.1-7.8 22.2 0 19.6 15.9 35.5 35.5 35.5l235.3 0-206.9-206.9 0 4.5zM288 512c29.8 0 54.9-20.4 62-48l-124 0c7.1 27.6 32.2 48 62 48z"
              fill="currentColor"
            />
          </svg>
        </div>
        <div
          class="mx-2 flex-shrink-1 flex-grow-1 mw-1p"
        >
          <div
            class="components-managed-silence-comment text-truncate overflow-hidden"
          >
             Mocked Silence
          </div>
          <div
            class="components-managed-silence-cite mt-1 d-flex flex-row"
          >
            <span
              class="text-muted text-truncate overflow-hidden me-2"
            >
              — me@example.com
            </span>
            <div
              class="d-flex flex-row justify-content-end flex-grow-1"
            >
              <span
                class="badge bg-danger components-label"
              >
                Expired 1 month ago
              </span>
            </div>
          </div>
        </div>
        <div
          class="flex-shrink-0 flex-grow-0"
        >
          <div
            class="d-flex flex-column flex-sm-row justify-content-between align-items-center"
          >
            <span
              class="badge components-label with-click"
            >
              <svg
                aria-hidden="true"
                class="svg-inline--fa fa-chevron-down fa-rotate-180 m-auto text-muted cursor-pointer"
                data-icon="chevron-down"
                data-prefix="fas"
                role="img"
                style="transition: transform 0.25s ease-in-out;"
                viewBox="0 0 448 512"
              >
                <path
                  d="M201.4 406.6c12.5 12.5 32.8 12.5 45.3 0l192-192c12.5-12.5 12.5-32.8 0-45.3s-32.8-12.5-45.3 0L224 338.7 54.6 169.4c-12.5-12.5-32.8-12.5-45.3 0s-12.5 32.8 0 45.3l192 192z"
                  fill="currentColor"
                />
              </svg>
            </span>
          </div>
        </div>
      </div>
    </div>
    <div
      class="progress silence-progress mx-2 mb-1"
    >
      <div
        aria-valuemax="100"
        aria-valuemin="0"
        aria-valuenow="74400"
        class="progress-bar bg-danger"
        role="progressbar"
        style="width: 74400%;"
      />
    </div>
  </div>
</DocumentFragment>
`;

exports[`<RenderSilence /> renders fallback text if silence is not present in AlertStore 1`] = `
<DocumentFragment>
  <div
    class="m-1"
  >
    <small
      class="text-muted"
    >
      Silenced by 1234567890
    </small>
  </div>
</DocumentFragment>
`;
