// Jest Snapshot v1, https://goo.gl/fbAQLP

exports[`<FatalError /> matches snapshot 1`] = `
"
<h1 class=\\"display-1 text-placeholder screen-center\\">
  <div class=\\"container-fluid text-center\\">
    <svg
      aria-hidden=\\"true\\"
      focusable=\\"false\\"
      data-prefix=\\"fas\\"
      data-icon=\\"circle-exclamation\\"
      class=\\"svg-inline--fa fa-circle-exclamation screen-center-icon-big text-danger mb-4\\"
      role=\\"img\\"
      xmlns=\\"http://www.w3.org/2000/svg\\"
      viewbox=\\"0 0 512 512\\"
    >
      <path
        fill=\\"currentColor\\"
        d=\\"M256 512c141.4 0 256-114.6 256-256S397.4 0 256 0S0 114.6 0 256S114.6 512 256 512zm0-384c13.3 0 24 10.7 24 24V264c0 13.3-10.7 24-24 24s-24-10.7-24-24V152c0-13.3 10.7-24 24-24zm32 224c0 17.7-14.3 32-32 32s-32-14.3-32-32s14.3-32 32-32s32 14.3 32 32z\\"
      >
      </path>
    </svg>
    <p class=\\"lead text-white bg-secondary p-3 rounded text-wrap text-break\\">
      foo bar
    </p>
  </div>
</h1>
"
`;
