// Jest Snapshot v1, https://jestjs.io/docs/snapshot-testing

exports[`<Dots /> matches snapshot 1`] = `
<DocumentFragment>
  <div
    class="cursor-pointer components-fetcher   "
  >
    <div
      class="dot  visible"
    />
    <div
      class="dot  visible"
    />
    <div
      class="dot  visible"
    />
    <div
      class="dot  visible"
    />
    <div
      class="dot dot-middle visible"
    />
    <div
      class="dot  visible"
    />
    <div
      class="dot  visible"
    />
    <div
      class="dot  visible"
    />
    <div
      class="dot  hidden"
    />
  </div>
</DocumentFragment>
`;
