// Jest Snapshot v1, https://jestjs.io/docs/snapshot-testing

exports[`<AlertGroupConfiguration /> matches snapshot with default values 1`] = `
<DocumentFragment>
  <div
    class="p-3 text-center"
  >
    <div
      class="input-range-track"
      style="transform: scale(1); cursor: pointer;"
    >
      <div
        aria-label=""
        aria-valuemax="25"
        aria-valuemin="1"
        aria-valuenow="5"
        class="input-range-thumb"
        draggable="false"
        role="slider"
        style="position: absolute; z-index: 0; cursor: grab; user-select: none; transform: translate(NaNpx, NaNpx);"
        tabindex="0"
      >
        5
      </div>
    </div>
  </div>
</DocumentFragment>
`;
