// Jest Snapshot v1, https://goo.gl/fbAQLP

exports[`<AlertGroupTitleBarColor /> matches snapshot with default values 1`] = `
"
<div class=\\"form-group mb-0\\">
  <div class=\\"form-check form-check-inline\\">
    <span class=\\"custom-control custom-switch\\">
      <input id=\\"configuration-colortitlebar\\"
             class=\\"custom-control-input\\"
             type=\\"checkbox\\"
             value
      >
      <label class=\\"custom-control-label cursor-pointer mr-3\\"
             for=\\"configuration-colortitlebar\\"
      >
        Color group titlebar
      </label>
    </span>
  </div>
</div>
"
`;
