// Jest Snapshot v1, https://goo.gl/fbAQLP

exports[`<FilterBarConfiguration /> matches snapshot with default values 1`] = `
"
<div class=\\"form-group mb-0\\">
  <div class=\\"form-check form-check-inline\\">
    <span class=\\"custom-control custom-switch\\">
      <input id=\\"configuration-autohide\\"
             class=\\"custom-control-input\\"
             type=\\"checkbox\\"
             checked
      >
      <label class=\\"custom-control-label cursor-pointer mr-3\\"
             for=\\"configuration-autohide\\"
      >
        Hide filter bar and alert details when idle
      </label>
    </span>
  </div>
</div>
"
`;
