// Jest Snapshot v1, https://goo.gl/fbAQLP

exports[`<FilterBarConfiguration /> matches snapshot with default values 1`] = `
"
<div class=\\"form-check form-check-inline px-0 mx-0\\">
  <span class=\\"form-check form-switch\\">
    <input id=\\"configuration-autohide\\"
           class=\\"form-check-input\\"
           type=\\"checkbox\\"
           checked
    >
    <label class=\\"form-check-label cursor-pointer me-3\\"
           for=\\"configuration-autohide\\"
    >
      Hide filter bar and alert details when idle
    </label>
  </span>
</div>
"
`;
