// Jest Snapshot v1, https://jestjs.io/docs/snapshot-testing

exports[`<NoUpstream /> matches snapshot 1`] = `
<DocumentFragment>
  <h1
    class="display-1 text-placeholder screen-center components-animation-fade-appear components-animation-fade-appear-active"
  >
    No alertmanager server configured
  </h1>
</DocumentFragment>
`;
