// Jest Snapshot v1, https://goo.gl/fbAQLP

exports[`<SilencePreview /> matches snapshot 1`] = `
"
<div class=\\"mb-3\\">
  <div>
    <p class=\\"lead text-center\\">
      Affected alerts
    </p>
    <div>
      <ul class=\\"list-group list-group-flush mb-3\\">
        <li class=\\"list-group-item px-0 pt-2 pb-1\\">
          <span class=\\"components-label badge bg-dark components-label-dark \\">
            <span class=\\"components-label-name\\">
              alertname:
            </span>
            <span class=\\"components-label-value\\">
              foo
            </span>
          </span>
          <span class=\\"components-label badge bg-default components-label-dark \\">
            <span class=\\"components-label-name\\">
              job:
            </span>
            <span class=\\"components-label-value\\">
              foo
            </span>
          </span>
          <span class=\\"components-label badge bg-default components-label-dark \\">
            <span class=\\"components-label-name\\">
              instance:
            </span>
            <span class=\\"components-label-value\\">
              foo1
            </span>
          </span>
        </li>
        <li class=\\"list-group-item px-0 pt-2 pb-1\\">
          <span class=\\"components-label badge bg-dark components-label-dark \\">
            <span class=\\"components-label-name\\">
              alertname:
            </span>
            <span class=\\"components-label-value\\">
              bar
            </span>
          </span>
          <span class=\\"components-label badge bg-default components-label-dark \\">
            <span class=\\"components-label-name\\">
              job:
            </span>
            <span class=\\"components-label-value\\">
              bar
            </span>
          </span>
          <span class=\\"components-label badge bg-default components-label-dark \\">
            <span class=\\"components-label-name\\">
              instance:
            </span>
            <span class=\\"components-label-value\\">
              bar1
            </span>
          </span>
        </li>
        <li class=\\"list-group-item px-0 pt-2 pb-1\\">
          <span class=\\"components-label badge bg-dark components-label-dark \\">
            <span class=\\"components-label-name\\">
              alertname:
            </span>
            <span class=\\"components-label-value\\">
              bar
            </span>
          </span>
          <span class=\\"components-label badge bg-default components-label-dark \\">
            <span class=\\"components-label-name\\">
              job:
            </span>
            <span class=\\"components-label-value\\">
              bar
            </span>
          </span>
          <span class=\\"components-label badge bg-default components-label-dark \\">
            <span class=\\"components-label-name\\">
              instance:
            </span>
            <span class=\\"components-label-value\\">
              bar2
            </span>
          </span>
        </li>
      </ul>
    </div>
    <div class=\\"components-pagination\\">
    </div>
  </div>
</div>
<div class=\\"d-flex flex-row-reverse\\">
  <button type=\\"button\\"
          class=\\"btn btn-primary\\"
  >
    <svg aria-hidden=\\"true\\"
         focusable=\\"false\\"
         data-prefix=\\"fas\\"
         data-icon=\\"check-circle\\"
         class=\\"svg-inline--fa fa-check-circle fa-w-16 pe-1\\"
         role=\\"img\\"
         xmlns=\\"http://www.w3.org/2000/svg\\"
         viewbox=\\"0 0 512 512\\"
    >
      <path fill=\\"currentColor\\"
            d=\\"M504 256c0 136.967-111.033 248-248 248S8 392.967 8 256 119.033 8 256 8s248 111.033 248 248zM227.314 387.314l184-184c6.248-6.248 6.248-16.379 0-22.627l-22.627-22.627c-6.248-6.249-16.379-6.249-22.628 0L216 308.118l-70.059-70.059c-6.248-6.248-16.379-6.248-22.628 0l-22.627 22.627c-6.248 6.248-6.248 16.379 0 22.627l104 104c6.249 6.249 16.379 6.249 22.628.001z\\"
      >
      </path>
    </svg>
    Submit
  </button>
  <button type=\\"button\\"
          class=\\"btn btn-danger me-2\\"
  >
    <svg aria-hidden=\\"true\\"
         focusable=\\"false\\"
         data-prefix=\\"fas\\"
         data-icon=\\"arrow-left\\"
         class=\\"svg-inline--fa fa-arrow-left fa-w-14 pe-1\\"
         role=\\"img\\"
         xmlns=\\"http://www.w3.org/2000/svg\\"
         viewbox=\\"0 0 448 512\\"
    >
      <path fill=\\"currentColor\\"
            d=\\"M257.5 445.1l-22.2 22.2c-9.4 9.4-24.6 9.4-33.9 0L7 273c-9.4-9.4-9.4-24.6 0-33.9L201.4 44.7c9.4-9.4 24.6-9.4 33.9 0l22.2 22.2c9.5 9.5 9.3 25-.4 34.3L136.6 216H424c13.3 0 24 10.7 24 24v32c0 13.3-10.7 24-24 24H136.6l120.5 114.8c9.8 9.3 10 24.8.4 34.3z\\"
      >
      </path>
    </svg>
    Back
  </button>
</div>
"
`;
