// Jest Snapshot v1, https://goo.gl/fbAQLP

exports[`<SilencePreview /> matches snapshot 1`] = `
"
<div class=\\"mb-3\\">
  <div>
    <p class=\\"lead text-center\\">
      Affected alerts
    </p>
    <div>
      <ul class=\\"list-group list-group-flush mb-3\\">
        <li class=\\"list-group-item px-0 pt-2 pb-1\\">
          <span class=\\"components-label badge text-nowrap text-truncate mw-100 badge-dark components-label-dark \\">
            <span class=\\"components-label-name\\">
              alertname:
            </span>
            <span class=\\"components-label-value\\">
              foo
            </span>
          </span>
          <span class=\\"components-label badge text-nowrap text-truncate mw-100 badge-warning components-label-dark \\">
            <span class=\\"components-label-name\\">
              job:
            </span>
            <span class=\\"components-label-value\\">
              foo
            </span>
          </span>
          <span class=\\"components-label badge text-nowrap text-truncate mw-100 badge-warning components-label-dark \\">
            <span class=\\"components-label-name\\">
              instance:
            </span>
            <span class=\\"components-label-value\\">
              foo1
            </span>
          </span>
        </li>
        <li class=\\"list-group-item px-0 pt-2 pb-1\\">
          <span class=\\"components-label badge text-nowrap text-truncate mw-100 badge-dark components-label-dark \\">
            <span class=\\"components-label-name\\">
              alertname:
            </span>
            <span class=\\"components-label-value\\">
              bar
            </span>
          </span>
          <span class=\\"components-label badge text-nowrap text-truncate mw-100 badge-warning components-label-dark \\">
            <span class=\\"components-label-name\\">
              job:
            </span>
            <span class=\\"components-label-value\\">
              bar
            </span>
          </span>
          <span class=\\"components-label badge text-nowrap text-truncate mw-100 badge-warning components-label-dark \\">
            <span class=\\"components-label-name\\">
              instance:
            </span>
            <span class=\\"components-label-value\\">
              bar1
            </span>
          </span>
        </li>
        <li class=\\"list-group-item px-0 pt-2 pb-1\\">
          <span class=\\"components-label badge text-nowrap text-truncate mw-100 badge-dark components-label-dark \\">
            <span class=\\"components-label-name\\">
              alertname:
            </span>
            <span class=\\"components-label-value\\">
              bar
            </span>
          </span>
          <span class=\\"components-label badge text-nowrap text-truncate mw-100 badge-warning components-label-dark \\">
            <span class=\\"components-label-name\\">
              job:
            </span>
            <span class=\\"components-label-value\\">
              bar
            </span>
          </span>
          <span class=\\"components-label badge text-nowrap text-truncate mw-100 badge-warning components-label-dark \\">
            <span class=\\"components-label-name\\">
              instance:
            </span>
            <span class=\\"components-label-value\\">
              bar2
            </span>
          </span>
        </li>
      </ul>
    </div>
  </div>
</div>
"
`;
