// Jest Snapshot v1, https://goo.gl/fbAQLP

exports[`<SilencePreview /> matches snapshot 1`] = `
"
<div class=\\"mb-2\\">
  <p class=\\"lead text-center\\">
    This silence will match
    <strong>
      3
    </strong>
    alerts
  </p>
  <div>
    <ul class=\\"list-group list-group-flush px-2\\">
      <li class=\\"list-group-item px-2 pt-2 pb-1\\">
        <span class=\\"components-label text-nowrap text-truncate badge badge-dark mw-100\\">
          alertname: foo
        </span>
        <span class=\\"components-label text-nowrap text-truncate badge badge-warning mw-100\\">
          job: foo
        </span>
        <span class=\\"components-label text-nowrap text-truncate badge badge-warning mw-100\\">
          instance: foo1
        </span>
      </li>
      <li class=\\"list-group-item px-2 pt-2 pb-1\\">
        <span class=\\"components-label text-nowrap text-truncate badge badge-dark mw-100\\">
          alertname: bar
        </span>
        <span class=\\"components-label text-nowrap text-truncate badge badge-warning mw-100\\">
          job: bar
        </span>
        <span class=\\"components-label text-nowrap text-truncate badge badge-warning mw-100\\">
          instance: bar1
        </span>
      </li>
      <li class=\\"list-group-item px-2 pt-2 pb-1\\">
        <span class=\\"components-label text-nowrap text-truncate badge badge-dark mw-100\\">
          alertname: bar
        </span>
        <span class=\\"components-label text-nowrap text-truncate badge badge-warning mw-100\\">
          job: bar
        </span>
        <span class=\\"components-label text-nowrap text-truncate badge badge-warning mw-100\\">
          instance: bar2
        </span>
      </li>
    </ul>
  </div>
</div>
"
`;
