// Jest Snapshot v1, https://goo.gl/fbAQLP

exports[`<ReloadNeeded /> matches snapshot 1`] = `
"
<h1 class="display-1 text-placeholder screen-center">
  <div class="container-fluid text-center">
    <svg
      aria-hidden="true"
      focusable="false"
      data-prefix="fas"
      data-icon="circle-exclamation"
      class="svg-inline--fa fa-circle-exclamation screen-center-icon-big text-danger mb-4"
      role="img"
      xmlns="http://www.w3.org/2000/svg"
      viewbox="0 0 512 512"
    >
      <path
        fill="currentColor"
        d="M256 512A256 256 0 1 0 256 0a256 256 0 1 0 0 512zm0-384c13.3 0 24 10.7 24 24V264c0 13.3-10.7 24-24 24s-24-10.7-24-24V152c0-13.3 10.7-24 24-24zM224 352a32 32 0 1 1 64 0 32 32 0 1 1 -64 0z"
      >
      </path>
    </svg>
    <p class="lead text-white bg-secondary p-3 rounded text-wrap text-break">
      <svg
        aria-hidden="true"
        focusable="false"
        data-prefix="fas"
        data-icon="spinner"
        class="svg-inline--fa fa-spinner fa-spin me-2"
        role="img"
        xmlns="http://www.w3.org/2000/svg"
        viewbox="0 0 512 512"
      >
        <path
          fill="currentColor"
          d="M304 48a48 48 0 1 0 -96 0 48 48 0 1 0 96 0zm0 416a48 48 0 1 0 -96 0 48 48 0 1 0 96 0zM48 304a48 48 0 1 0 0-96 48 48 0 1 0 0 96zm464-48a48 48 0 1 0 -96 0 48 48 0 1 0 96 0zM142.9 437A48 48 0 1 0 75 369.1 48 48 0 1 0 142.9 437zm0-294.2A48 48 0 1 0 75 75a48 48 0 1 0 67.9 67.9zM369.1 437A48 48 0 1 0 437 369.1 48 48 0 1 0 369.1 437z"
        >
        </path>
      </svg>
      All API connection attempts failed. This migth be caused by authentication middleware, will try to reload.
    </p>
  </div>
</h1>
"
`;
