// Jest Snapshot v1, https://jestjs.io/docs/snapshot-testing

exports[`<AppToasts /> doesn't render upstream error toasts if not all instances are down 1`] = `<DocumentFragment />`;

exports[`<AppToasts /> renders UpgradeToastMessage when alertStore.info.upgradeReady=true 1`] = `
<DocumentFragment>
  <li
    class="nav-item components-navbar-button ml-auto"
  >
    <div
      class=" tooltip-trigger"
    >
      <span
        class="nav-link cursor-pointer"
        id="components-notifications"
      >
        <svg
          aria-hidden="true"
          class="svg-inline--fa fa-circle-info fa-fw"
          data-icon="circle-info"
          data-prefix="fas"
          role="img"
          viewBox="0 0 512 512"
        >
          <path
            d="M256 512a256 256 0 1 0 0-512 256 256 0 1 0 0 512zM224 160a32 32 0 1 1 64 0 32 32 0 1 1 -64 0zm-8 64l48 0c13.3 0 24 10.7 24 24l0 88 8 0c13.3 0 24 10.7 24 24s-10.7 24-24 24l-80 0c-13.3 0-24-10.7-24-24s10.7-24 24-24l24 0 0-64-24 0c-13.3 0-24-10.7-24-24s10.7-24 24-24z"
            fill="currentColor"
          />
        </svg>
      </span>
    </div>
  </li>
</DocumentFragment>
`;

exports[`<AppToasts /> renders upstream error toasts for each unhealthy upstream 1`] = `
<DocumentFragment>
  <li
    class="nav-item components-navbar-button ml-auto"
  >
    <div
      class=" tooltip-trigger"
    >
      <span
        class="nav-link cursor-pointer"
        id="components-notifications"
      >
        <svg
          aria-hidden="true"
          class="svg-inline--fa fa-circle-info fa-fw"
          data-icon="circle-info"
          data-prefix="fas"
          role="img"
          viewBox="0 0 512 512"
        >
          <path
            d="M256 512a256 256 0 1 0 0-512 256 256 0 1 0 0 512zM224 160a32 32 0 1 1 64 0 32 32 0 1 1 -64 0zm-8 64l48 0c13.3 0 24 10.7 24 24l0 88 8 0c13.3 0 24 10.7 24 24s-10.7 24-24 24l-80 0c-13.3 0-24-10.7-24-24s10.7-24 24-24l24 0 0-64-24 0c-13.3 0-24-10.7-24-24s10.7-24 24-24z"
            fill="currentColor"
          />
        </svg>
      </span>
    </div>
  </li>
</DocumentFragment>
`;

exports[`<AppToasts /> renders upstream error toasts if all instances are down 1`] = `
<DocumentFragment>
  <li
    class="nav-item components-navbar-button ml-auto"
  >
    <div
      class=" tooltip-trigger"
    >
      <span
        class="nav-link cursor-pointer"
        id="components-notifications"
      >
        <svg
          aria-hidden="true"
          class="svg-inline--fa fa-circle-info fa-fw"
          data-icon="circle-info"
          data-prefix="fas"
          role="img"
          viewBox="0 0 512 512"
        >
          <path
            d="M256 512a256 256 0 1 0 0-512 256 256 0 1 0 0 512zM224 160a32 32 0 1 1 64 0 32 32 0 1 1 -64 0zm-8 64l48 0c13.3 0 24 10.7 24 24l0 88 8 0c13.3 0 24 10.7 24 24s-10.7 24-24 24l-80 0c-13.3 0-24-10.7-24-24s10.7-24 24-24l24 0 0-64-24 0c-13.3 0-24-10.7-24-24s10.7-24 24-24z"
            fill="currentColor"
          />
        </svg>
      </span>
    </div>
  </li>
</DocumentFragment>
`;
