// Jest Snapshot v1, https://jestjs.io/docs/snapshot-testing

exports[`<MatchCounter /> matches snapshot 1`] = `
<DocumentFragment>
  <div
    class=" tooltip-trigger"
  >
    <span
      class="badge bg-light rounded-pill d-block"
      data-am="0"
      style="font-size: 85%; line-height: 1rem;"
    >
      25
    </span>
  </div>
</DocumentFragment>
`;
