// Jest Snapshot v1, https://goo.gl/fbAQLP

exports[`<MatchCounter /> matches snapshot 1`] = `
"
<div style=\\"display: inline-block; max-width: 100%;\\"
     class=\\" tooltip-trigger\\"
>
  <span class=\\"badge badge-light badge-pill d-block\\"
        style=\\"font-size: 85%; line-height: 1rem;\\"
        data-am=\\"0\\"
  >
    25
  </span>
</div>
"
`;
