// Jest Snapshot v1, https://jestjs.io/docs/snapshot-testing

exports[`<StaticLabel /> matches snapshot 1`] = `
<DocumentFragment>
  <span
    class="components-label badge bg-default components-label-dark "
  >
    <span
      class="components-label-name"
    >
      foo:
    </span>
     
    <span
      class="components-label-value"
    >
      bar
    </span>
  </span>
</DocumentFragment>
`;
